Release 14.7 Map P.20131013 (lin64)
Xilinx Mapping Report File for Design 'aes_top'

Design Information
------------------
Command Line   : map -filter /home/ise/AES_FPGA_VPGFA/iseconfig/filter.filter
-intstyle ise -p xc6slx4-tqg144-2 -w -logic_opt off -ol high -t 1 -xt 0
-register_duplication off -r 4 -global_opt off -mt off -ir off -pr off -lc off
-power off -o aes_top_map.ncd aes_top.ngd aes_top.pcf 
Target Device  : xc6slx4
Target Package : tqg144
Target Speed   : -2
Mapper Version : spartan6 -- $Revision: 1.55 $
Mapped Date    : Tue Nov 11 07:27:32 2025

Interim Summary
---------------
Slice Logic Utilization:
  Number of Slice Registers:                   520 out of   4,800   10%
    Number used as Flip Flops:                 520
    Number used as Latches:                      0
    Number used as Latch-thrus:                  0
    Number used as AND/OR logics:                0
  Number of Slice LUTs:                     16,249 out of   2,400  677% (OVERMAPPED)
    Number used as logic:                   16,249 out of   2,400  677% (OVERMAPPED)
      Number using O6 output only:          15,615
      Number using O5 output only:               0
      Number using O5 and O6:                  634
      Number used as ROM:                        0
    Number used as Memory:                       0 out of   1,200    0%

Slice Logic Distribution:
  Number of MUXCYs used:                         0 out of   1,200    0%
  Number of LUT Flip Flop pairs used:       16,377
    Number with an unused Flip Flop:        15,857 out of  16,377   96%
    Number with an unused LUT:                 128 out of  16,377    1%
    Number of fully used LUT-FF pairs:         392 out of  16,377    2%
    Number of unique control sets:               7
    Number of slice register sites lost
      to control set restrictions:              16 out of   4,800    1%

  A LUT Flip Flop pair for this architecture represents one LUT paired with
  one Flip Flop within a slice.  A control set is a unique combination of
  clock, reset, set, and enable signals for a registered element.
  The Slice Logic Distribution report is not meaningful if the design is
  over-mapped for a non-slice resource or if Placement fails.

IO Utilization:
  Number of bonded IOBs:                       518 out of     102  507% (OVERMAPPED)

Specific Feature Utilization:
  Number of RAMB16BWERs:                         0 out of      12    0%
  Number of RAMB8BWERs:                          0 out of      24    0%
  Number of BUFIO2/BUFIO2_2CLKs:                 0 out of      32    0%
  Number of BUFIO2FB/BUFIO2FB_2CLKs:             0 out of      32    0%
  Number of BUFG/BUFGMUXs:                       1 out of      16    6%
    Number used as BUFGs:                        1
    Number used as BUFGMUX:                      0
  Number of DCM/DCM_CLKGENs:                     0 out of       4    0%
  Number of ILOGIC2/ISERDES2s:                   0 out of     200    0%
  Number of IODELAY2/IODRP2/IODRP2_MCBs:         0 out of     200    0%
  Number of OLOGIC2/OSERDES2s:                   0 out of     200    0%
  Number of BSCANs:                              0 out of       4    0%
  Number of BUFHs:                               0 out of     128    0%
  Number of BUFPLLs:                             0 out of       8    0%
  Number of BUFPLL_MCBs:                         0 out of       4    0%
  Number of DSP48A1s:                            0 out of       8    0%
  Number of ICAPs:                               0 out of       1    0%
  Number of PCILOGICSEs:                         0 out of       2    0%
  Number of PLL_ADVs:                            0 out of       2    0%
  Number of PMVs:                                0 out of       1    0%
  Number of STARTUPs:                            0 out of       1    0%
  Number of SUSPEND_SYNCs:                       0 out of       1    0%


Mapping completed.
See MAP report file "aes_top_map.mrp" for details.
Problem encountered during the packing phase.

Design Summary
--------------
Number of errors   :   3
Number of warnings :   0

Section 1 - Errors
------------------
ERROR:Pack:2309 - Too many bonded comps of type "IOB" found to fit this device.
ERROR:Pack:2412 - The number of logical LUT blocks exceeds the capacity for the target device.
ERROR:Map:237 - The design is too large to fit the device.  Please check the Design Summary section to see which resource requirement for
   your design exceeds the resources available in the device. Note that the number of slices reported may not be reflected accurately as
   their packing might not have been completed.

Section 2 - Warnings
--------------------
WARNING:Security:42 - Your software subscription period has lapsed. Your current
version of Xilinx tools will continue to function, but you no longer qualify for
Xilinx software updates or new releases.

Section 3 - Informational
-------------------------
INFO:Security:54 - 'xc6slx4' is a WebPack part.
INFO:MapLib:562 - No environment variables are currently set.
INFO:LIT:244 - All of the single ended outputs in this design are using slew
   rate limited output drivers. The delay on speed critical single ended outputs
   can be dramatically reduced by designating them as fast outputs.
INFO:Pack:1716 - Initializing temperature to 85.000 Celsius. (default - Range:
   0.000 to 85.000 Celsius)
INFO:Pack:1720 - Initializing voltage to 1.140 Volts. (default - Range: 1.140 to
   1.260 Volts)

Section 4 - Removed Logic Summary
---------------------------------

Section 5 - Removed Logic
-------------------------

To enable printing of redundant blocks removed and signals merged, set the
detailed map report option and rerun map.

Section 12 - Configuration String Details
-----------------------------------------
Use the "-detail" map option to print out Configuration Strings

Section 13 - Control Set Information
------------------------------------
Use the "-detail" map option to print out Control Set Information.
